<!--
  ~ Licensed to the Apache Software Foundation (ASF) under one or more
  ~ contributor license agreements.  See the NOTICE file distributed with
  ~ this work for additional information regarding copyright ownership.
  ~ The ASF licenses this file to You under the Apache License, Version 2.0
  ~ (the "License"); you may not use this file except in compliance with
  ~ the License.  You may obtain a copy of the License at
  ~
  ~     http://www.apache.org/licenses/LICENSE-2.0
  ~
  ~ Unless required by applicable law or agreed to in writing, software
  ~ distributed under the License is distributed on an "AS IS" BASIS,
  ~ WITHOUT WARRANTIES OR CONDITIONS OF ANY KIND, either express or implied.
  ~ See the License for the specific language governing permissions and
  ~ limitations under the License.
  -->

<dataset>
    <metadata data-nodes="write_dataset.t_order,read_dataset.t_order">
        <column name="order_id" type="numeric" />
        <column name="user_id" type="numeric" />
        <column name="status" type="varchar" />
        <column name="merchant_id" type="numeric" />
        <column name="remark" type="varchar" />
        <column name="creation_date" type="datetime" />
    </metadata>
    <metadata data-nodes="write_dataset.t_order_item,read_dataset.t_order_item">
        <column name="item_id" type="numeric" />
        <column name="order_id" type="numeric" />
        <column name="user_id" type="numeric" />
        <column name="product_id" type="numeric" />
        <column name="quantity" type="numeric" />
        <column name="creation_date" type="datetime" />
    </metadata>
    <metadata data-nodes="write_dataset.t_broadcast_table,read_dataset.t_broadcast_table">
        <column name="id" type="numeric" />
        <column name="status" type="varchar" />
    </metadata>
    <metadata data-nodes="read_dataset.t_single_table">
        <column name="single_id" type="numeric" />
        <column name="id" type="numeric" />
        <column name="status" type="varchar" />
    </metadata>
    <row data-node="write_dataset.t_order" values="1000, 10, init, 1, test, 2017-08-08" />
    <row data-node="write_dataset.t_order" values="1001, 10, init, 2, test, 2017-08-08" />
    <row data-node="write_dataset.t_order" values="1100, 11, init, 3, test, 2017-08-08" />
    <row data-node="write_dataset.t_order" values="1101, 11, init, 4, test, 2017-08-08" />
    <row data-node="write_dataset.t_order" values="1200, 12, init, 5, test, 2017-08-08" />
    <row data-node="write_dataset.t_order" values="1201, 12, init, 6, test, 2017-08-08" />
    <row data-node="write_dataset.t_order" values="1300, 13, init, 7, test, 2017-08-08" />
    <row data-node="write_dataset.t_order" values="1301, 13, init, 8, test, 2017-08-08" />
    <row data-node="write_dataset.t_order" values="1400, 14, init, 9, test, 2017-08-08" />
    <row data-node="write_dataset.t_order" values="1401, 14, init, 10, test, 2017-08-08" />
    <row data-node="write_dataset.t_order" values="1500, 15, init, 11, test, 2017-08-08" />
    <row data-node="write_dataset.t_order" values="1501, 15, init, 12, test, 2017-08-08" />
    <row data-node="write_dataset.t_order" values="1600, 16, init, 13, test, 2017-08-08" />
    <row data-node="write_dataset.t_order" values="1601, 16, init, 14, test, 2017-08-08" />
    <row data-node="write_dataset.t_order" values="1700, 17, init, 15, test, 2017-08-08" />
    <row data-node="write_dataset.t_order" values="1701, 17, init, 16, test, 2017-08-08" />
    <row data-node="write_dataset.t_order" values="1800, 18, init, 17, test, 2017-08-08" />
    <row data-node="write_dataset.t_order" values="1801, 18, init, 18, test, 2017-08-08" />
    <row data-node="write_dataset.t_order" values="1900, 19, init, 19, test, 2017-08-08" />
    <row data-node="write_dataset.t_order" values="1901, 19, init, 20, test, 2017-08-08" />
    <row data-node="write_dataset.t_order" values="2000, 20, init, 21, test, 2017-08-08" />
    <row data-node="write_dataset.t_order" values="2001, 20, init, 22, test, 2017-08-08" />
    <row data-node="write_dataset.t_order" values="2100, 21, init, 23, test, 2017-08-08" />
    <row data-node="write_dataset.t_order" values="2101, 21, init, 24, test, 2017-08-08" />
    <row data-node="write_dataset.t_order" values="2200, 22, init, 25, test, 2017-08-08" />
    <row data-node="write_dataset.t_order" values="2201, 22, init, 26, test, 2017-08-08" />
    <row data-node="write_dataset.t_order" values="2300, 23, init, 27, test, 2017-08-08" />
    <row data-node="write_dataset.t_order" values="2301, 23, init, 28, test, 2017-08-08" />
    <row data-node="write_dataset.t_order" values="2400, 24, init, 29, test, 2017-08-08" />
    <row data-node="write_dataset.t_order" values="2401, 24, init, 30, test, 2017-08-08" />
    <row data-node="write_dataset.t_order" values="2500, 25, init, 31, test, 2017-08-08" />
    <row data-node="write_dataset.t_order" values="2501, 25, init, 32, test, 2017-08-08" />
    <row data-node="write_dataset.t_order" values="2600, 26, init, 33, test, 2017-08-08" />
    <row data-node="write_dataset.t_order" values="2601, 26, init, 34, test, 2017-08-08" />
    <row data-node="write_dataset.t_order" values="2700, 27, init, 35, test, 2017-08-08" />
    <row data-node="write_dataset.t_order" values="2701, 27, init, 36, test, 2017-08-08" />
    <row data-node="write_dataset.t_order" values="2800, 28, init, 37, test, 2017-08-08" />
    <row data-node="write_dataset.t_order" values="2801, 28, init, 38, test, 2017-08-08" />
    <row data-node="write_dataset.t_order" values="2900, 29, init, 39, test, 2017-08-08" />
    <row data-node="write_dataset.t_order" values="2901, 29, init, 40, test, 2017-08-08" />
    <row data-node="write_dataset.t_order_item" values="100001, 1000, 10, 1, 1, 2017-08-08" />
    <row data-node="write_dataset.t_order_item" values="100002, 1000, 10, 2, 1, 2017-08-08" />
    <row data-node="write_dataset.t_order_item" values="100101, 1001, 10, 3, 1, 2017-08-08" />
    <row data-node="write_dataset.t_order_item" values="100102, 1001, 10, 4, 1, 2017-08-08" />
    <row data-node="write_dataset.t_order_item" values="110001, 1100, 11, 5, 1, 2017-08-08" />
    <row data-node="write_dataset.t_order_item" values="110002, 1100, 11, 6, 1, 2017-08-08" />
    <row data-node="write_dataset.t_order_item" values="110101, 1101, 11, 7, 1, 2017-08-08" />
    <row data-node="write_dataset.t_order_item" values="110102, 1101, 11, 8, 1, 2017-08-08" />
    <row data-node="write_dataset.t_order_item" values="120001, 1200, 12, 9, 1, 2017-08-08" />
    <row data-node="write_dataset.t_order_item" values="120002, 1200, 12, 10, 1, 2017-08-08" />
    <row data-node="write_dataset.t_order_item" values="120101, 1201, 12, 1, 1, 2017-08-08" />
    <row data-node="write_dataset.t_order_item" values="120102, 1201, 12, 2, 1, 2017-08-08" />
    <row data-node="write_dataset.t_order_item" values="130001, 1300, 13, 3, 1, 2017-08-08" />
    <row data-node="write_dataset.t_order_item" values="130002, 1300, 13, 4, 1, 2017-08-08" />
    <row data-node="write_dataset.t_order_item" values="130101, 1301, 13, 5, 1, 2017-08-08" />
    <row data-node="write_dataset.t_order_item" values="130102, 1301, 13, 6, 1, 2017-08-08" />
    <row data-node="write_dataset.t_order_item" values="140001, 1400, 14, 7, 1, 2017-08-08" />
    <row data-node="write_dataset.t_order_item" values="140002, 1400, 14, 8, 1, 2017-08-08" />
    <row data-node="write_dataset.t_order_item" values="140101, 1401, 14, 9, 1, 2017-08-08" />
    <row data-node="write_dataset.t_order_item" values="140102, 1401, 14, 10, 1, 2017-08-08" />
    <row data-node="write_dataset.t_order_item" values="150001, 1500, 15, 1, 1, 2017-08-08" />
    <row data-node="write_dataset.t_order_item" values="150002, 1500, 15, 2, 1, 2017-08-08" />
    <row data-node="write_dataset.t_order_item" values="150101, 1501, 15, 3, 1, 2017-08-08" />
    <row data-node="write_dataset.t_order_item" values="150102, 1501, 15, 4, 1, 2017-08-08" />
    <row data-node="write_dataset.t_order_item" values="160001, 1600, 16, 5, 1, 2017-08-08" />
    <row data-node="write_dataset.t_order_item" values="160002, 1600, 16, 6, 1, 2017-08-08" />
    <row data-node="write_dataset.t_order_item" values="160101, 1601, 16, 7, 1, 2017-08-08" />
    <row data-node="write_dataset.t_order_item" values="160102, 1601, 16, 8, 1, 2017-08-08" />
    <row data-node="write_dataset.t_order_item" values="170001, 1700, 17, 9, 1, 2017-08-08" />
    <row data-node="write_dataset.t_order_item" values="170002, 1700, 17, 10, 1, 2017-08-08" />
    <row data-node="write_dataset.t_order_item" values="170101, 1701, 17, 1, 1, 2017-08-08" />
    <row data-node="write_dataset.t_order_item" values="170102, 1701, 17, 2, 1, 2017-08-08" />
    <row data-node="write_dataset.t_order_item" values="180001, 1800, 18, 3, 1, 2017-08-08" />
    <row data-node="write_dataset.t_order_item" values="180002, 1800, 18, 4, 1, 2017-08-08" />
    <row data-node="write_dataset.t_order_item" values="180101, 1801, 18, 5, 1, 2017-08-08" />
    <row data-node="write_dataset.t_order_item" values="180102, 1801, 18, 6, 1, 2017-08-08" />
    <row data-node="write_dataset.t_order_item" values="190001, 1900, 19, 7, 1, 2017-08-08" />
    <row data-node="write_dataset.t_order_item" values="190002, 1900, 19, 8, 1, 2017-08-08" />
    <row data-node="write_dataset.t_order_item" values="190101, 1901, 19, 9, 1, 2017-08-08" />
    <row data-node="write_dataset.t_order_item" values="190102, 1901, 19, 10, 1, 2017-08-08" />
    <row data-node="write_dataset.t_order_item" values="200001, 2000, 20, 1, 1, 2017-08-08" />
    <row data-node="write_dataset.t_order_item" values="200002, 2000, 20, 2, 1, 2017-08-08" />
    <row data-node="write_dataset.t_order_item" values="200101, 2001, 20, 3, 1, 2017-08-08" />
    <row data-node="write_dataset.t_order_item" values="200102, 2001, 20, 4, 1, 2017-08-08" />
    <row data-node="write_dataset.t_order_item" values="210001, 2100, 21, 5, 1, 2017-08-08" />
    <row data-node="write_dataset.t_order_item" values="210002, 2100, 21, 6, 1, 2017-08-08" />
    <row data-node="write_dataset.t_order_item" values="210101, 2101, 21, 7, 1, 2017-08-08" />
    <row data-node="write_dataset.t_order_item" values="210102, 2101, 21, 8, 1, 2017-08-08" />
    <row data-node="write_dataset.t_order_item" values="220001, 2200, 22, 9, 1, 2017-08-08" />
    <row data-node="write_dataset.t_order_item" values="220002, 2200, 22, 10, 1, 2017-08-08" />
    <row data-node="write_dataset.t_order_item" values="220101, 2201, 22, 1, 1, 2017-08-08" />
    <row data-node="write_dataset.t_order_item" values="220102, 2201, 22, 2, 1, 2017-08-08" />
    <row data-node="write_dataset.t_order_item" values="230001, 2300, 23, 3, 1, 2017-08-08" />
    <row data-node="write_dataset.t_order_item" values="230002, 2300, 23, 4, 1, 2017-08-08" />
    <row data-node="write_dataset.t_order_item" values="230101, 2301, 23, 5, 1, 2017-08-08" />
    <row data-node="write_dataset.t_order_item" values="230102, 2301, 23, 6, 1, 2017-08-08" />
    <row data-node="write_dataset.t_order_item" values="240001, 2400, 24, 7, 1, 2017-08-08" />
    <row data-node="write_dataset.t_order_item" values="240002, 2400, 24, 8, 1, 2017-08-08" />
    <row data-node="write_dataset.t_order_item" values="240101, 2401, 24, 9, 1, 2017-08-08" />
    <row data-node="write_dataset.t_order_item" values="240102, 2401, 24, 10, 1, 2017-08-08" />
    <row data-node="write_dataset.t_order_item" values="250001, 2500, 25, 1, 1, 2017-08-08" />
    <row data-node="write_dataset.t_order_item" values="250002, 2500, 25, 2, 1, 2017-08-08" />
    <row data-node="write_dataset.t_order_item" values="250101, 2501, 25, 3, 1, 2017-08-08" />
    <row data-node="write_dataset.t_order_item" values="250102, 2501, 25, 4, 1, 2017-08-08" />
    <row data-node="write_dataset.t_order_item" values="260001, 2600, 26, 5, 1, 2017-08-08" />
    <row data-node="write_dataset.t_order_item" values="260002, 2600, 26, 6, 1, 2017-08-08" />
    <row data-node="write_dataset.t_order_item" values="260101, 2601, 26, 7, 1, 2017-08-08" />
    <row data-node="write_dataset.t_order_item" values="260102, 2601, 26, 8, 1, 2017-08-08" />
    <row data-node="write_dataset.t_order_item" values="270001, 2700, 27, 9, 1, 2017-08-08" />
    <row data-node="write_dataset.t_order_item" values="270002, 2700, 27, 10, 1, 2017-08-08" />
    <row data-node="write_dataset.t_order_item" values="270101, 2701, 27, 1, 1, 2017-08-08" />
    <row data-node="write_dataset.t_order_item" values="270102, 2701, 27, 2, 1, 2017-08-08" />
    <row data-node="write_dataset.t_order_item" values="280001, 2800, 28, 3, 1, 2017-08-08" />
    <row data-node="write_dataset.t_order_item" values="280002, 2800, 28, 4, 1, 2017-08-08" />
    <row data-node="write_dataset.t_order_item" values="280101, 2801, 28, 5, 1, 2017-08-08" />
    <row data-node="write_dataset.t_order_item" values="280102, 2801, 28, 6, 1, 2017-08-08" />
    <row data-node="write_dataset.t_order_item" values="290001, 2900, 29, 7, 1, 2017-08-08" />
    <row data-node="write_dataset.t_order_item" values="290002, 2900, 29, 8, 1, 2017-08-08" />
    <row data-node="write_dataset.t_order_item" values="290101, 2901, 29, 9, 1, 2017-08-08" />
    <row data-node="write_dataset.t_order_item" values="290102, 2901, 29, 10, 1, 2017-08-08" />
    <row data-node="write_dataset.t_broadcast_table" values="1, init" />
    <row data-node="read_dataset.t_single_table" values="1, 1000, init_read" />
    <row data-node="read_dataset.t_single_table" values="2, 1100, init_read" />
    <row data-node="read_dataset.t_single_table" values="3, 1200, init_read" />
    <row data-node="read_dataset.t_single_table" values="4, 1300, init_read" />
    <row data-node="read_dataset.t_order" values="1000, 10, init_read, 1, test, 2017-08-08" />
    <row data-node="read_dataset.t_order" values="1001, 10, init_read, 2, test, 2017-08-08" />
    <row data-node="read_dataset.t_order" values="1100, 11, init_read, 3, test, 2017-08-08" />
    <row data-node="read_dataset.t_order" values="1101, 11, init_read, 4, test, 2017-08-08" />
    <row data-node="read_dataset.t_order" values="1200, 12, init_read, 5, test, 2017-08-08" />
    <row data-node="read_dataset.t_order" values="1201, 12, init_read, 6, test, 2017-08-08" />
    <row data-node="read_dataset.t_order" values="1300, 13, init_read, 7, test, 2017-08-08" />
    <row data-node="read_dataset.t_order" values="1301, 13, init_read, 8, test, 2017-08-08" />
    <row data-node="read_dataset.t_order" values="1400, 14, init_read, 9, test, 2017-08-08" />
    <row data-node="read_dataset.t_order" values="1401, 14, init_read, 10, test, 2017-08-08" />
    <row data-node="read_dataset.t_order" values="1500, 15, init_read, 11, test, 2017-08-08" />
    <row data-node="read_dataset.t_order" values="1501, 15, init_read, 12, test, 2017-08-08" />
    <row data-node="read_dataset.t_order" values="1600, 16, init_read, 13, test, 2017-08-08" />
    <row data-node="read_dataset.t_order" values="1601, 16, init_read, 14, test, 2017-08-08" />
    <row data-node="read_dataset.t_order" values="1700, 17, init_read, 15, test, 2017-08-08" />
    <row data-node="read_dataset.t_order" values="1701, 17, init_read, 16, test, 2017-08-08" />
    <row data-node="read_dataset.t_order" values="1800, 18, init_read, 17, test, 2017-08-08" />
    <row data-node="read_dataset.t_order" values="1801, 18, init_read, 18, test, 2017-08-08" />
    <row data-node="read_dataset.t_order" values="1900, 19, init_read, 19, test, 2017-08-08" />
    <row data-node="read_dataset.t_order" values="1901, 19, init_read, 20, test, 2017-08-08" />
    <row data-node="read_dataset.t_order" values="2000, 20, init_read, 21, test, 2017-08-08" />
    <row data-node="read_dataset.t_order" values="2001, 20, init_read, 22, test, 2017-08-08" />
    <row data-node="read_dataset.t_order" values="2100, 21, init_read, 23, test, 2017-08-08" />
    <row data-node="read_dataset.t_order" values="2101, 21, init_read, 24, test, 2017-08-08" />
    <row data-node="read_dataset.t_order" values="2200, 22, init_read, 25, test, 2017-08-08" />
    <row data-node="read_dataset.t_order" values="2201, 22, init_read, 26, test, 2017-08-08" />
    <row data-node="read_dataset.t_order" values="2300, 23, init_read, 27, test, 2017-08-08" />
    <row data-node="read_dataset.t_order" values="2301, 23, init_read, 28, test, 2017-08-08" />
    <row data-node="read_dataset.t_order" values="2400, 24, init_read, 29, test, 2017-08-08" />
    <row data-node="read_dataset.t_order" values="2401, 24, init_read, 30, test, 2017-08-08" />
    <row data-node="read_dataset.t_order" values="2500, 25, init_read, 31, test, 2017-08-08" />
    <row data-node="read_dataset.t_order" values="2501, 25, init_read, 32, test, 2017-08-08" />
    <row data-node="read_dataset.t_order" values="2600, 26, init_read, 33, test, 2017-08-08" />
    <row data-node="read_dataset.t_order" values="2601, 26, init_read, 34, test, 2017-08-08" />
    <row data-node="read_dataset.t_order" values="2700, 27, init_read, 35, test, 2017-08-08" />
    <row data-node="read_dataset.t_order" values="2701, 27, init_read, 36, test, 2017-08-08" />
    <row data-node="read_dataset.t_order" values="2800, 28, init_read, 37, test, 2017-08-08" />
    <row data-node="read_dataset.t_order" values="2801, 28, init_read, 38, test, 2017-08-08" />
    <row data-node="read_dataset.t_order" values="2900, 29, init_read, 39, test, 2017-08-08" />
    <row data-node="read_dataset.t_order" values="2901, 29, init_read, 40, test, 2017-08-08" />
    <row data-node="read_dataset.t_order_item" values="100001, 1000, 10, 1, 1, 2017-08-08" />
    <row data-node="read_dataset.t_order_item" values="100002, 1000, 10, 2, 1, 2017-08-08" />
    <row data-node="read_dataset.t_order_item" values="100101, 1001, 10, 3, 1, 2017-08-08" />
    <row data-node="read_dataset.t_order_item" values="100102, 1001, 10, 4, 1, 2017-08-08" />
    <row data-node="read_dataset.t_order_item" values="110001, 1100, 11, 5, 1, 2017-08-08" />
    <row data-node="read_dataset.t_order_item" values="110002, 1100, 11, 6, 1, 2017-08-08" />
    <row data-node="read_dataset.t_order_item" values="110101, 1101, 11, 7, 1, 2017-08-08" />
    <row data-node="read_dataset.t_order_item" values="110102, 1101, 11, 8, 1, 2017-08-08" />
    <row data-node="read_dataset.t_order_item" values="120001, 1200, 12, 9, 1, 2017-08-08" />
    <row data-node="read_dataset.t_order_item" values="120002, 1200, 12, 10, 1, 2017-08-08" />
    <row data-node="read_dataset.t_order_item" values="120101, 1201, 12, 1, 1, 2017-08-08" />
    <row data-node="read_dataset.t_order_item" values="120102, 1201, 12, 2, 1, 2017-08-08" />
    <row data-node="read_dataset.t_order_item" values="130001, 1300, 13, 3, 1, 2017-08-08" />
    <row data-node="read_dataset.t_order_item" values="130002, 1300, 13, 4, 1, 2017-08-08" />
    <row data-node="read_dataset.t_order_item" values="130101, 1301, 13, 5, 1, 2017-08-08" />
    <row data-node="read_dataset.t_order_item" values="130102, 1301, 13, 6, 1, 2017-08-08" />
    <row data-node="read_dataset.t_order_item" values="140001, 1400, 14, 7, 1, 2017-08-08" />
    <row data-node="read_dataset.t_order_item" values="140002, 1400, 14, 8, 1, 2017-08-08" />
    <row data-node="read_dataset.t_order_item" values="140101, 1401, 14, 9, 1, 2017-08-08" />
    <row data-node="read_dataset.t_order_item" values="140102, 1401, 14, 10, 1, 2017-08-08" />
    <row data-node="read_dataset.t_order_item" values="150001, 1500, 15, 1, 1, 2017-08-08" />
    <row data-node="read_dataset.t_order_item" values="150002, 1500, 15, 2, 1, 2017-08-08" />
    <row data-node="read_dataset.t_order_item" values="150101, 1501, 15, 3, 1, 2017-08-08" />
    <row data-node="read_dataset.t_order_item" values="150102, 1501, 15, 4, 1, 2017-08-08" />
    <row data-node="read_dataset.t_order_item" values="160001, 1600, 16, 5, 1, 2017-08-08" />
    <row data-node="read_dataset.t_order_item" values="160002, 1600, 16, 6, 1, 2017-08-08" />
    <row data-node="read_dataset.t_order_item" values="160101, 1601, 16, 7, 1, 2017-08-08" />
    <row data-node="read_dataset.t_order_item" values="160102, 1601, 16, 8, 1, 2017-08-08" />
    <row data-node="read_dataset.t_order_item" values="170001, 1700, 17, 9, 1, 2017-08-08" />
    <row data-node="read_dataset.t_order_item" values="170002, 1700, 17, 10, 1, 2017-08-08" />
    <row data-node="read_dataset.t_order_item" values="170101, 1701, 17, 1, 1, 2017-08-08" />
    <row data-node="read_dataset.t_order_item" values="170102, 1701, 17, 2, 1, 2017-08-08" />
    <row data-node="read_dataset.t_order_item" values="180001, 1800, 18, 3, 1, 2017-08-08" />
    <row data-node="read_dataset.t_order_item" values="180002, 1800, 18, 4, 1, 2017-08-08" />
    <row data-node="read_dataset.t_order_item" values="180101, 1801, 18, 5, 1, 2017-08-08" />
    <row data-node="read_dataset.t_order_item" values="180102, 1801, 18, 6, 1, 2017-08-08" />
    <row data-node="read_dataset.t_order_item" values="190001, 1900, 19, 7, 1, 2017-08-08" />
    <row data-node="read_dataset.t_order_item" values="190002, 1900, 19, 8, 1, 2017-08-08" />
    <row data-node="read_dataset.t_order_item" values="190101, 1901, 19, 9, 1, 2017-08-08" />
    <row data-node="read_dataset.t_order_item" values="190102, 1901, 19, 10, 1, 2017-08-08" />
    <row data-node="read_dataset.t_order_item" values="200001, 2000, 20, 1, 1, 2017-08-08" />
    <row data-node="read_dataset.t_order_item" values="200002, 2000, 20, 2, 1, 2017-08-08" />
    <row data-node="read_dataset.t_order_item" values="200101, 2001, 20, 3, 1, 2017-08-08" />
    <row data-node="read_dataset.t_order_item" values="200102, 2001, 20, 4, 1, 2017-08-08" />
    <row data-node="read_dataset.t_order_item" values="210001, 2100, 21, 5, 1, 2017-08-08" />
    <row data-node="read_dataset.t_order_item" values="210002, 2100, 21, 6, 1, 2017-08-08" />
    <row data-node="read_dataset.t_order_item" values="210101, 2101, 21, 7, 1, 2017-08-08" />
    <row data-node="read_dataset.t_order_item" values="210102, 2101, 21, 8, 1, 2017-08-08" />
    <row data-node="read_dataset.t_order_item" values="220001, 2200, 22, 9, 1, 2017-08-08" />
    <row data-node="read_dataset.t_order_item" values="220002, 2200, 22, 10, 1, 2017-08-08" />
    <row data-node="read_dataset.t_order_item" values="220101, 2201, 22, 1, 1, 2017-08-08" />
    <row data-node="read_dataset.t_order_item" values="220102, 2201, 22, 2, 1, 2017-08-08" />
    <row data-node="read_dataset.t_order_item" values="230001, 2300, 23, 3, 1, 2017-08-08" />
    <row data-node="read_dataset.t_order_item" values="230002, 2300, 23, 4, 1, 2017-08-08" />
    <row data-node="read_dataset.t_order_item" values="230101, 2301, 23, 5, 1, 2017-08-08" />
    <row data-node="read_dataset.t_order_item" values="230102, 2301, 23, 6, 1, 2017-08-08" />
    <row data-node="read_dataset.t_order_item" values="240001, 2400, 24, 7, 1, 2017-08-08" />
    <row data-node="read_dataset.t_order_item" values="240002, 2400, 24, 8, 1, 2017-08-08" />
    <row data-node="read_dataset.t_order_item" values="240101, 2401, 24, 9, 1, 2017-08-08" />
    <row data-node="read_dataset.t_order_item" values="240102, 2401, 24, 10, 1, 2017-08-08" />
    <row data-node="read_dataset.t_order_item" values="250001, 2500, 25, 1, 1, 2017-08-08" />
    <row data-node="read_dataset.t_order_item" values="250002, 2500, 25, 2, 1, 2017-08-08" />
    <row data-node="read_dataset.t_order_item" values="250101, 2501, 25, 3, 1, 2017-08-08" />
    <row data-node="read_dataset.t_order_item" values="250102, 2501, 25, 4, 1, 2017-08-08" />
    <row data-node="read_dataset.t_order_item" values="260001, 2600, 26, 5, 1, 2017-08-08" />
    <row data-node="read_dataset.t_order_item" values="260002, 2600, 26, 6, 1, 2017-08-08" />
    <row data-node="read_dataset.t_order_item" values="260101, 2601, 26, 7, 1, 2017-08-08" />
    <row data-node="read_dataset.t_order_item" values="260102, 2601, 26, 8, 1, 2017-08-08" />
    <row data-node="read_dataset.t_order_item" values="270001, 2700, 27, 9, 1, 2017-08-08" />
    <row data-node="read_dataset.t_order_item" values="270002, 2700, 27, 10, 1, 2017-08-08" />
    <row data-node="read_dataset.t_order_item" values="270101, 2701, 27, 1, 1, 2017-08-08" />
    <row data-node="read_dataset.t_order_item" values="270102, 2701, 27, 2, 1, 2017-08-08" />
    <row data-node="read_dataset.t_order_item" values="280001, 2800, 28, 3, 1, 2017-08-08" />
    <row data-node="read_dataset.t_order_item" values="280002, 2800, 28, 4, 1, 2017-08-08" />
    <row data-node="read_dataset.t_order_item" values="280101, 2801, 28, 5, 1, 2017-08-08" />
    <row data-node="read_dataset.t_order_item" values="280102, 2801, 28, 6, 1, 2017-08-08" />
    <row data-node="read_dataset.t_order_item" values="290001, 2900, 29, 7, 1, 2017-08-08" />
    <row data-node="read_dataset.t_order_item" values="290002, 2900, 29, 8, 1, 2017-08-08" />
    <row data-node="read_dataset.t_order_item" values="290101, 2901, 29, 9, 1, 2017-08-08" />
    <row data-node="read_dataset.t_order_item" values="290102, 2901, 29, 10, 1, 2017-08-08" />
    <row data-node="read_dataset.t_broadcast_table" values="1, init_read" />
</dataset>
