<!--
  ~ Licensed to the Apache Software Foundation (ASF) under one or more
  ~ contributor license agreements.  See the NOTICE file distributed with
  ~ this work for additional information regarding copyright ownership.
  ~ The ASF licenses this file to You under the Apache License, Version 2.0
  ~ (the "License"); you may not use this file except in compliance with
  ~ the License.  You may obtain a copy of the License at
  ~
  ~     http://www.apache.org/licenses/LICENSE-2.0
  ~
  ~ Unless required by applicable law or agreed to in writing, software
  ~ distributed under the License is distributed on an "AS IS" BASIS,
  ~ WITHOUT WARRANTIES OR CONDITIONS OF ANY KIND, either express or implied.
  ~ See the License for the specific language governing permissions and
  ~ limitations under the License.
  -->

<dataset>
    <metadata data-nodes="expected_dataset.t_user">
        <column name="user_id" type="numeric" />
        <column name="address_id" type="numeric" />
        <column name="pwd" type="varchar" />
        <column name="status" type="varchar" />
    </metadata>
    <metadata data-nodes="expected_dataset.t_user_item">
        <column name="item_id" type="numeric" />
        <column name="user_id" type="numeric" />
        <column name="status" type="varchar" />
        <column name="creation_date" type="datetime" />
    </metadata>
    <metadata data-nodes="expected_dataset.t_single_table">
        <column name="single_id" type="numeric" />
        <column name="id" type="numeric" />
        <column name="status" type="varchar" />
    </metadata>
    <metadata data-nodes="expected_dataset.t_merchant">
        <column name="merchant_id" type="numeric" />
        <column name="country_id" type="numeric" />
        <column name="merchant_name" type="varchar" />
        <column name="business_code" type="varchar" />
        <column name="telephone" type="varchar" />
        <column name="creation_date" type="datetime" />
    </metadata>
    <row data-node="expected_dataset.t_single_table" values="1, 10, init" />
    <row data-node="expected_dataset.t_single_table" values="2, 11, init" />
    <row data-node="expected_dataset.t_single_table" values="3, 12, init" />
    <row data-node="expected_dataset.t_single_table" values="4, 13, init" />
    <row data-node="expected_dataset.t_user" values="10, 10000, a10, init" />
    <row data-node="expected_dataset.t_user" values="11, 11000, b11, init" />
    <row data-node="expected_dataset.t_user" values="12, 12000, c12, init" />
    <row data-node="expected_dataset.t_user" values="13, 13000, d13, init" />
    <row data-node="expected_dataset.t_user_item" values="100000, 10, init, 2017-08-08" />
    <row data-node="expected_dataset.t_user_item" values="110000, 11, init, 2017-08-08" />
    <row data-node="expected_dataset.t_user_item" values="120000, 12, init, 2017-08-08" />
    <row data-node="expected_dataset.t_user_item" values="130000, 13, init, 2017-08-08" />
    <row data-node="expected_dataset.t_user_item" values="140000, 14, init, 2017-08-08" />
    <row data-node="expected_dataset.t_user_item" values="150000, 15, init, 2017-08-08" />
    <row data-node="expected_dataset.t_user_item" values="160000, 16, init, 2017-08-08" />
    <row data-node="expected_dataset.t_user_item" values="170000, 17, init, 2017-08-08" />
    <row data-node="expected_dataset.t_user_item" values="180000, 18, init, 2017-08-08" />
    <row data-node="expected_dataset.t_user_item" values="190000, 19, init, 2017-08-08" />
    <row data-node="expected_dataset.t_user_item" values="200000, 20, init, 2017-08-08" />
    <row data-node="expected_dataset.t_user_item" values="210000, 21, init, 2017-08-08" />
    <row data-node="expected_dataset.t_user_item" values="220000, 22, init, 2017-08-08" />
    <row data-node="expected_dataset.t_user_item" values="230000, 23, init, 2017-08-08" />
    <row data-node="expected_dataset.t_user_item" values="240000, 24, init, 2017-08-08" />
    <row data-node="expected_dataset.t_user_item" values="250000, 25, init, 2017-08-08" />
    <row data-node="expected_dataset.t_user_item" values="260000, 26, init, 2017-08-08" />
    <row data-node="expected_dataset.t_user_item" values="270000, 27, init, 2017-08-08" />
    <row data-node="expected_dataset.t_user_item" values="280000, 28, init, 2017-08-08" />
    <row data-node="expected_dataset.t_user_item" values="290000, 29, init, 2017-08-08" />
    <row data-node="expected_dataset.t_merchant" values="1, 86, tencent, 86000001, 86100000001, 2017-08-08" />
    <row data-node="expected_dataset.t_merchant" values="2, 86, haier, 86000002, 86100000002, 2017-08-08" />
    <row data-node="expected_dataset.t_merchant" values="3, 86, huawei, 86000003, 86100000003, 2017-08-08" />
    <row data-node="expected_dataset.t_merchant" values="4, 86, alibaba, 86000004, 86100000004, 2017-08-08" />
    <row data-node="expected_dataset.t_merchant" values="5, 86, lenovo, 86000005, 86100000005, 2017-08-08" />
    <row data-node="expected_dataset.t_merchant" values="6, 86, moutai, 86000006, 86100000006, 2017-08-08" />
    <row data-node="expected_dataset.t_merchant" values="7, 86, baidu, 86000007, 86100000007, 2017-08-08" />
    <row data-node="expected_dataset.t_merchant" values="8, 86, xiaomi, 86000008, 86100000008, 2017-08-08" />
    <row data-node="expected_dataset.t_merchant" values="9, 86, vivo, 86000009, 86100000009, 2017-08-08" />
    <row data-node="expected_dataset.t_merchant" values="10, 86, oppo, 86000010, 86100000010, 2017-08-08" />
    <row data-node="expected_dataset.t_merchant" values="11, 1, google, 01000011, 01100000011, 2017-08-08" />
    <row data-node="expected_dataset.t_merchant" values="12, 1, walmart, 01000012, 01100000012, 2017-08-08" />
    <row data-node="expected_dataset.t_merchant" values="13, 1, amazon, 01000013, 01100000013, 2017-08-08" />
    <row data-node="expected_dataset.t_merchant" values="14, 1, apple, 01000014, 01100000014, 2017-08-08" />
    <row data-node="expected_dataset.t_merchant" values="15, 1, microsoft, 01000015, 01100000015, 2017-08-08" />
    <row data-node="expected_dataset.t_merchant" values="16, 1, dell, 01000016, 01100000016, 2017-08-08" />
    <row data-node="expected_dataset.t_merchant" values="17, 1, johnson, 01000017, 01100000017, 2017-08-08" />
    <row data-node="expected_dataset.t_merchant" values="18, 1, intel, 01000018, 01100000018, 2017-08-08" />
    <row data-node="expected_dataset.t_merchant" values="19, 1, hp, 01000019, 01100000019, 2017-08-08" />
    <row data-node="expected_dataset.t_merchant" values="20, 1, tesla, 01000020, 01100000020, 2017-08-08" />
</dataset>
