#
# Licensed to the Apache Software Foundation (ASF) under one or more
# contributor license agreements.  See the NOTICE file distributed with
# this work for additional information regarding copyright ownership.
# The ASF licenses this file to You under the Apache License, Version 2.0
# (the "License"); you may not use this file except in compliance with
# the License.  You may obtain a copy of the License at
#
#     http://www.apache.org/licenses/LICENSE-2.0
#
# Unless required by applicable law or agreed to in writing, software
# distributed under the License is distributed on an "AS IS" BASIS,
# WITHOUT WARRANTIES OR CONDITIONS OF ANY KIND, either express or implied.
# See the License for the specific language governing permissions and
# limitations under the License.
#
CREATE DATABASE sharding_db;
USE sharding_db;

REGISTER STORAGE UNIT ds_0 (
URL='jdbc:mysql://127.0.0.1:3306/demo_sharding_ds_0?serverTimezone=UTC&useSSL=false',
USER='root',
PASSWORD='12345678',
PROPERTIES('minPoolSize'='1', 'connectionTimeoutMilliseconds'='30000', 'maxLifetimeMilliseconds'='1800000', 'idleTimeoutMilliseconds'='60000', 'maxPoolSize'='50')
), ds_1 (
URL='jdbc:mysql://127.0.0.1:3306/demo_sharding_ds_1?serverTimezone=UTC&useSSL=false',
USER='root',
PASSWORD='12345678',
PROPERTIES('minPoolSize'='1', 'connectionTimeoutMilliseconds'='30000', 'maxLifetimeMilliseconds'='1800000', 'idleTimeoutMilliseconds'='60000', 'maxPoolSize'='50')
);

CREATE SHARDING TABLE RULE t_order (
STORAGE_UNITS(ds_0,ds_1),
SHARDING_COLUMN=order_id,
TYPE(NAME='mod', PROPERTIES('sharding-count'='4')),
KEY_GENERATE_STRATEGY(COLUMN=order_id, TYPE(NAME='snowflake')),
AUDIT_STRATEGY(TYPE(NAME='dml_sharding_conditions'), ALLOW_HINT_DISABLE=true)
), t_order_item (
STORAGE_UNITS(ds_0,ds_1),
SHARDING_COLUMN=order_id,
TYPE(NAME='mod', PROPERTIES('sharding-count'='4')),
KEY_GENERATE_STRATEGY(COLUMN=order_item_id, TYPE(NAME='snowflake')),
AUDIT_STRATEGY(TYPE(NAME='dml_sharding_conditions'), ALLOW_HINT_DISABLE=true)
), t_account (
STORAGE_UNITS(ds_0,ds_1),
SHARDING_COLUMN=account_id,
TYPE(NAME='mod', PROPERTIES('sharding-count'='4')),
KEY_GENERATE_STRATEGY(COLUMN=account_id, TYPE(NAME='snowflake')),
AUDIT_STRATEGY(TYPE(NAME='dml_sharding_conditions'), ALLOW_HINT_DISABLE=true)
);
