#
# Licensed to the Apache Software Foundation (ASF) under one or more
# contributor license agreements.  See the NOTICE file distributed with
# this work for additional information regarding copyright ownership.
# The ASF licenses this file to You under the Apache License, Version 2.0
# (the "License"); you may not use this file except in compliance with
# the License.  You may obtain a copy of the License at
#
#     http://www.apache.org/licenses/LICENSE-2.0
#
# Unless required by applicable law or agreed to in writing, software
# distributed under the License is distributed on an "AS IS" BASIS,
# WITHOUT WARRANTIES OR CONDITIONS OF ANY KIND, either express or implied.
# See the License for the specific language governing permissions and
# limitations under the License.
#
CREATE DATABASE readwrite_splitting_db;
USE readwrite_splitting_db;

REGISTER STORAGE UNIT write_ds_0 (
URL='jdbc:mysql://127.0.0.1:3306/demo_write_ds_0?serverTimezone=UTC&useSSL=false',
USER='root',
PASSWORD='12345678',
PROPERTIES('minPoolSize'='1', 'connectionTimeoutMilliseconds'='30000', 'maxLifetimeMilliseconds'='1800000', 'idleTimeoutMilliseconds'='60000', 'maxPoolSize'='50')
), read_ds_0 (
URL='jdbc:mysql://127.0.0.1:3306/demo_read_ds_0?serverTimezone=UTC&useSSL=false',
USER='root',
PASSWORD='12345678',
PROPERTIES('minPoolSize'='1', 'connectionTimeoutMilliseconds'='30000', 'maxLifetimeMilliseconds'='1800000', 'idleTimeoutMilliseconds'='60000', 'maxPoolSize'='50')
), read_ds_1 (
URL='jdbc:mysql://127.0.0.1:3306/demo_read_ds_1?serverTimezone=UTC&useSSL=false',
USER='root',
PASSWORD='12345678',
PROPERTIES('minPoolSize'='1', 'connectionTimeoutMilliseconds'='30000', 'maxLifetimeMilliseconds'='1800000', 'idleTimeoutMilliseconds'='60000', 'maxPoolSize'='50')
);

CREATE READWRITE_SPLITTING RULE readwrite_ds (
WRITE_STORAGE_UNIT=write_ds_0,
READ_STORAGE_UNITS(read_ds_0,read_ds_1),
TRANSACTIONAL_READ_QUERY_STRATEGY='PRIMARY',
TYPE(NAME='random')
);
