{"meta_data":{"databases":{"normal_db":"databaseName: normal_db\ndataSources:\n  ds_0:\n    password: \n    url: jdbc:opengauss://127.0.0.1:5432/demo_ds_0\n    username: root\n    minPoolSize: 1\n    maxPoolSize: 50\n  ds_1:\n    password: \n    url: jdbc:opengauss://127.0.0.1:5432/demo_ds_1\n    username: root\n    minPoolSize: 1\n    maxPoolSize: 50\n"},"props":"props:\n  sql-show: true\n","rules":"rules:\n- !AUTHORITY\n  privilege:\n    type: ALL_PERMITTED\n  users:\n  - authenticationMethodName: ''\n    password: root\n    user: root@%\n- !GLOBAL_CLOCK\n  enabled: false\n  provider: local\n  type: TSO\n"}}
