{"storage_nodes":{"normal_db":[{"port":"0","username":"root","password":"test"}]}}
