#
# Licensed to the Apache Software Foundation (ASF) under one or more
# contributor license agreements.  See the NOTICE file distributed with
# this work for additional information regarding copyright ownership.
# The ASF licenses this file to You under the Apache License, Version 2.0
# (the "License"); you may not use this file except in compliance with
# the License.  You may obtain a copy of the License at
#
#     http://www.apache.org/licenses/LICENSE-2.0
#
# Unless required by applicable law or agreed to in writing, software
# distributed under the License is distributed on an "AS IS" BASIS,
# WITHOUT WARRANTIES OR CONDITIONS OF ANY KIND, either express or implied.
# See the License for the specific language governing permissions and
# limitations under the License.
#

CREATE DATABASE sharding_db;
USE sharding_db;
ADD RESOURCE ds_0 (
URL="jdbc:mysql://127.0.0.1:3306/demo_sharding_ds_0?serverTimezone=UTC&useSSL=false",
USER="root",
PASSWORD="12345678",
PROPERTIES("minPoolSize"="1","connectionTimeoutMilliseconds"="30000","maxLifetimeMilliseconds"="1800000","idleTimeoutMilliseconds"="60000","maxPoolSize"="50")
), ds_1 (
URL="jdbc:mysql://127.0.0.1:3306/demo_sharding_ds_1?serverTimezone=UTC&useSSL=false",
USER="root",
PASSWORD="12345678",
PROPERTIES("minPoolSize"="1","connectionTimeoutMilliseconds"="30000","maxLifetimeMilliseconds"="1800000","idleTimeoutMilliseconds"="60000","maxPoolSize"="50")
);
CREATE SHARDING ALGORITHM database_inline (
TYPE(NAME="inline", PROPERTIES("algorithm-expression"="ds_${user_id % 2}","datetime-lower"="2022-01-01 00:00:00"))
), t_order_inline (
TYPE(NAME="inline", PROPERTIES("algorithm-expression"="t_order_${order_id % 2}","datetime-lower"="2022-01-01 00:00:00"))
), t_order_item_inline (
TYPE(NAME="inline", PROPERTIES("algorithm-expression"="t_order_item_${order_id % 2}","datetime-lower"="2022-01-01 00:00:00"))
);
CREATE SHARDING KEY GENERATOR snowflake (
TYPE(NAME="SNOWFLAKE")
);
CREATE SHARDING TABLE RULE t_order (
DATANODES("ds_${0..1}.t_order_${0..1}"),
TABLE_STRATEGY(TYPE="complex", SHARDING_COLUMNS=order_id, user_id, SHARDING_ALGORITHM=t_order_inline),
KEY_GENERATE_STRATEGY(COLUMN=order_id, KEY_GENERATOR=snowflake)
), t_order_item (
DATANODES("ds_${0..1}.t_order_item_${0..1}"),
TABLE_STRATEGY(TYPE="complex", SHARDING_COLUMNS=order_id, user_id, SHARDING_ALGORITHM=t_order_item_inline),
KEY_GENERATE_STRATEGY(COLUMN=order_item_id, KEY_GENERATOR=snowflake)
);
CREATE SHARDING BINDING TABLE RULES (t_order,t_order_item);
CREATE SHARDING BROADCAST TABLE RULES (t_order,t_order_item);
