<!--
  ~ Licensed to the Apache Software Foundation (ASF) under one or more
  ~ contributor license agreements.  See the NOTICE file distributed with
  ~ this work for additional information regarding copyright ownership.
  ~ The ASF licenses this file to You under the Apache License, Version 2.0
  ~ (the "License"); you may not use this file except in compliance with
  ~ the License.  You may obtain a copy of the License at
  ~
  ~     http://www.apache.org/licenses/LICENSE-2.0
  ~
  ~ Unless required by applicable law or agreed to in writing, software
  ~ distributed under the License is distributed on an "AS IS" BASIS,
  ~ WITHOUT WARRANTIES OR CONDITIONS OF ANY KIND, either express or implied.
  ~ See the License for the specific language governing permissions and
  ~ limitations under the License.
  -->

<dataset>
    <metadata data-nodes="expected_dataset.t_order">
        <column name="order_id" type="numeric" />
        <column name="user_id" type="numeric" />
        <column name="status" type="varchar" />
    </metadata>
    <metadata data-nodes="expected_dataset.t_order_item">
        <column name="item_id" type="numeric" />
        <column name="order_id" type="numeric" />
        <column name="user_id" type="numeric" />
        <column name="status" type="varchar" />
        <column name="creation_date" type="datetime" />
    </metadata>
    <metadata data-nodes="expected_dataset.t_single_table">
        <column name="single_id" type="numeric" />
        <column name="id" type="numeric" />
        <column name="status" type="varchar" />
    </metadata>
    <metadata data-nodes="expected_dataset.t_broadcast_table">
        <column name="id" type="numeric" />
        <column name="status" type="varchar" />
    </metadata>
    <metadata data-nodes="expected_dataset.t_order_federate_sharding">
        <column name="order_id_sharding" type="numeric" />
        <column name="user_id" type="numeric" />
        <column name="status" type="varchar" />
    </metadata>
    <metadata data-nodes="expected_dataset.t_order_item_federate_sharding">
        <column name="item_id" type="numeric" />
        <column name="order_id" type="numeric" />
        <column name="user_id" type="numeric" />
        <column name="status" type="varchar" />
        <column name="remarks" type="varchar" />
    </metadata>
    <row data-node="expected_dataset.t_single_table" values="1, 1000, init" />
    <row data-node="expected_dataset.t_single_table" values="2, 1001, init" />
    <row data-node="expected_dataset.t_single_table" values="3, 1002, init" />
    <row data-node="expected_dataset.t_single_table" values="4, 1003, init" />
    <row data-node="expected_dataset.t_order" values="1000, 10, init" />
    <row data-node="expected_dataset.t_order" values="1001, 10, init" />
    <row data-node="expected_dataset.t_order" values="1002, 10, init" />
    <row data-node="expected_dataset.t_order" values="1003, 10, init" />
    <row data-node="expected_dataset.t_order" values="1004, 10, init" />
    <row data-node="expected_dataset.t_order" values="1005, 10, init" />
    <row data-node="expected_dataset.t_order" values="1006, 10, init" />
    <row data-node="expected_dataset.t_order" values="1007, 10, init" />
    <row data-node="expected_dataset.t_order" values="1008, 10, init" />
    <row data-node="expected_dataset.t_order" values="1009, 10, init" />
    <row data-node="expected_dataset.t_order" values="1100, 11, init" />
    <row data-node="expected_dataset.t_order" values="1101, 11, init" />
    <row data-node="expected_dataset.t_order" values="1102, 11, init" />
    <row data-node="expected_dataset.t_order" values="1103, 11, init" />
    <row data-node="expected_dataset.t_order" values="1104, 11, init" />
    <row data-node="expected_dataset.t_order" values="1105, 11, init" />
    <row data-node="expected_dataset.t_order" values="1106, 11, init" />
    <row data-node="expected_dataset.t_order" values="1107, 11, init" />
    <row data-node="expected_dataset.t_order" values="1108, 11, init" />
    <row data-node="expected_dataset.t_order" values="1109, 11, init" />
    <row data-node="expected_dataset.t_order_item" values="100000, 1000, 10, init, 2017-08-08" />
    <row data-node="expected_dataset.t_order_item" values="100001, 1000, 10, init, 2017-08-08" />
    <row data-node="expected_dataset.t_order_item" values="100100, 1001, 10, init, 2017-08-08" />
    <row data-node="expected_dataset.t_order_item" values="100101, 1001, 10, init, 2017-08-08" />
    <row data-node="expected_dataset.t_order_item" values="100200, 1002, 10, init, 2017-08-08" />
    <row data-node="expected_dataset.t_order_item" values="100201, 1002, 10, init, 2017-08-08" />
    <row data-node="expected_dataset.t_order_item" values="100300, 1003, 10, init, 2017-08-08" />
    <row data-node="expected_dataset.t_order_item" values="100301, 1003, 10, init, 2017-08-08" />
    <row data-node="expected_dataset.t_order_item" values="100400, 1004, 10, init, 2017-08-08" />
    <row data-node="expected_dataset.t_order_item" values="100401, 1004, 10, init, 2017-08-08" />
    <row data-node="expected_dataset.t_order_item" values="100500, 1005, 10, init, 2017-08-09" />
    <row data-node="expected_dataset.t_order_item" values="100501, 1005, 10, init, 2017-08-09" />
    <row data-node="expected_dataset.t_order_item" values="100600, 1006, 10, init, 2017-08-09" />
    <row data-node="expected_dataset.t_order_item" values="100601, 1006, 10, init, 2017-08-09" />
    <row data-node="expected_dataset.t_order_item" values="100700, 1007, 10, init, 2017-08-09" />
    <row data-node="expected_dataset.t_order_item" values="100701, 1007, 10, init, 2017-08-09" />
    <row data-node="expected_dataset.t_order_item" values="100800, 1008, 10, init, 2017-08-09" />
    <row data-node="expected_dataset.t_order_item" values="100801, 1008, 10, init, 2017-08-09" />
    <row data-node="expected_dataset.t_order_item" values="100900, 1009, 10, init, 2017-08-09" />
    <row data-node="expected_dataset.t_order_item" values="100901, 1009, 10, init, 2017-08-09" />
    <row data-node="expected_dataset.t_order_item" values="110000, 1100, 11, init, 2017-08-18" />
    <row data-node="expected_dataset.t_order_item" values="110001, 1100, 11, init, 2017-08-18" />
    <row data-node="expected_dataset.t_order_item" values="110100, 1101, 11, init, 2017-08-18" />
    <row data-node="expected_dataset.t_order_item" values="110101, 1101, 11, init, 2017-08-18" />
    <row data-node="expected_dataset.t_order_item" values="110200, 1102, 11, init, 2017-08-18" />
    <row data-node="expected_dataset.t_order_item" values="110201, 1102, 11, init, 2017-08-18" />
    <row data-node="expected_dataset.t_order_item" values="110300, 1103, 11, init, 2017-08-18" />
    <row data-node="expected_dataset.t_order_item" values="110301, 1103, 11, init, 2017-08-18" />
    <row data-node="expected_dataset.t_order_item" values="110400, 1104, 11, init, 2017-08-18" />
    <row data-node="expected_dataset.t_order_item" values="110401, 1104, 11, init, 2017-08-18" />
    <row data-node="expected_dataset.t_order_item" values="110500, 1105, 11, init, 2017-08-19" />
    <row data-node="expected_dataset.t_order_item" values="110501, 1105, 11, init, 2017-08-19" />
    <row data-node="expected_dataset.t_order_item" values="110600, 1106, 11, init, 2017-08-19" />
    <row data-node="expected_dataset.t_order_item" values="110601, 1106, 11, init, 2017-08-19" />
    <row data-node="expected_dataset.t_order_item" values="110700, 1107, 11, init, 2017-08-19" />
    <row data-node="expected_dataset.t_order_item" values="110701, 1107, 11, init, 2017-08-19" />
    <row data-node="expected_dataset.t_order_item" values="110800, 1108, 11, init, 2017-08-19" />
    <row data-node="expected_dataset.t_order_item" values="110801, 1108, 11, init, 2017-08-19" />
    <row data-node="expected_dataset.t_order_item" values="110900, 1109, 11, init, 2017-08-19" />
    <row data-node="expected_dataset.t_order_item" values="110901, 1109, 11, init, 2017-08-19" />
    <row data-node="expected_dataset.t_broadcast_table" values="1, init" />
    <row data-node="expected_dataset.t_order_federate_sharding" values="1010, 10, init" />
    <row data-node="expected_dataset.t_order_federate_sharding" values="1100, 10, init" />
    <row data-node="expected_dataset.t_order_federate_sharding" values="1011, 11, init" />
    <row data-node="expected_dataset.t_order_federate_sharding" values="1101, 11, init" />
    <row data-node="expected_dataset.t_order_item_federate_sharding" values="1000, 10000, 10, init, t_order_item_federate_sharding" />
    <row data-node="expected_dataset.t_order_item_federate_sharding" values="1010, 10001, 10, init, t_order_item_federate_sharding" />
    <row data-node="expected_dataset.t_order_item_federate_sharding" values="1001, 10001, 11, init, t_order_item_federate_sharding" />
    <row data-node="expected_dataset.t_order_item_federate_sharding" values="1011, 10001, 10, init, t_order_item_federate_sharding" />
</dataset>
