<!--
  ~ Licensed to the Apache Software Foundation (ASF) under one or more
  ~ contributor license agreements.  See the NOTICE file distributed with
  ~ this work for additional information regarding copyright ownership.
  ~ The ASF licenses this file to You under the Apache License, Version 2.0
  ~ (the "License"); you may not use this file except in compliance with
  ~ the License.  You may obtain a copy of the License at
  ~
  ~     http://www.apache.org/licenses/LICENSE-2.0
  ~
  ~ Unless required by applicable law or agreed to in writing, software
  ~ distributed under the License is distributed on an "AS IS" BASIS,
  ~ WITHOUT WARRANTIES OR CONDITIONS OF ANY KIND, either express or implied.
  ~ See the License for the specific language governing permissions and
  ~ limitations under the License.
  -->

<dataset>
    <metadata data-nodes="write_dataset.t_user,read_dataset.t_user">
        <column name="user_id" type="numeric" />
        <column name="address_id" type="numeric" />
        <column name="pwd" type="varchar" />
        <column name="status" type="varchar" />
    </metadata>
    <metadata data-nodes="write_dataset.t_merchant,read_dataset.t_merchant">
        <column name="merchant_id" type="numeric" />
        <column name="country_id" type="numeric" />
        <column name="merchant_name" type="varchar" />
        <column name="business_code" type="varchar" />
        <column name="telephone" type="varchar" />
        <column name="creation_date" type="datetime" />
    </metadata>
    <row data-node="write_dataset.t_user" values="0, 10000, a00, init" />
    <row data-node="write_dataset.t_user" values="1, 11000, b01, init" />
    <row data-node="write_dataset.t_user" values="2, 12000, c02, init" />
    <row data-node="write_dataset.t_user" values="3, 13000, d03, init" />
    <row data-node="write_dataset.t_user" values="4, 14000, e04, init" />
    <row data-node="write_dataset.t_user" values="5, 15000, f05, init" />
    <row data-node="write_dataset.t_user" values="6, 16000, g06, init" />
    <row data-node="write_dataset.t_user" values="7, 17000, h07, init" />
    <row data-node="write_dataset.t_user" values="8, 18000, i08, init" />
    <row data-node="write_dataset.t_user" values="9, 19000, j09, init" />
    <row data-node="write_dataset.t_user" values="10, 10001, a10, init" />
    <row data-node="write_dataset.t_user" values="11, 11001, b11, init" />
    <row data-node="write_dataset.t_user" values="12, 12001, c12, init" />
    <row data-node="write_dataset.t_user" values="13, 13001, d13, init" />
    <row data-node="write_dataset.t_user" values="14, 14001, e14, init" />
    <row data-node="write_dataset.t_user" values="15, 15001, f15, init" />
    <row data-node="write_dataset.t_user" values="16, 16001, g16, init" />
    <row data-node="write_dataset.t_user" values="17, 17001, h17, init" />
    <row data-node="write_dataset.t_user" values="18, 18001, i18, init" />
    <row data-node="write_dataset.t_user" values="19, 19001, j19, init" />
    <row data-node="write_dataset.t_user" values="20, 10002, a20, init" />
    <row data-node="write_dataset.t_user" values="21, 11002, b21, init" />
    <row data-node="write_dataset.t_user" values="22, 12002, c22, init" />
    <row data-node="write_dataset.t_user" values="23, 13002, d23, init" />
    <row data-node="write_dataset.t_user" values="24, 14002, e24, init" />
    <row data-node="write_dataset.t_user" values="25, 15002, f25, init" />
    <row data-node="write_dataset.t_user" values="26, 16002, g26, init" />
    <row data-node="write_dataset.t_user" values="27, 17002, h27, init" />
    <row data-node="write_dataset.t_user" values="28, 18002, i28, init" />
    <row data-node="write_dataset.t_user" values="29, 19002, j29, init" />
    <row data-node="write_dataset.t_user" values="30, 10003, a30, init" />
    <row data-node="write_dataset.t_user" values="31, 11003, b31, init" />
    <row data-node="write_dataset.t_user" values="32, 12003, c32, init" />
    <row data-node="write_dataset.t_user" values="33, 13003, d33, init" />
    <row data-node="write_dataset.t_user" values="34, 14003, e34, init" />
    <row data-node="write_dataset.t_user" values="35, 15003, f35, init" />
    <row data-node="write_dataset.t_user" values="36, 16003, g36, init" />
    <row data-node="write_dataset.t_user" values="37, 17003, h37, init" />
    <row data-node="write_dataset.t_user" values="38, 18003, i38, init" />
    <row data-node="write_dataset.t_user" values="39, 19003, j39, init" />
    <row data-node="write_dataset.t_user" values="40, 10004, a40, init" />
    <row data-node="write_dataset.t_user" values="41, 11004, b41, init" />
    <row data-node="write_dataset.t_user" values="42, 12004, c42, init" />
    <row data-node="write_dataset.t_user" values="43, 13004, d43, init" />
    <row data-node="write_dataset.t_user" values="44, 14004, e44, init" />
    <row data-node="write_dataset.t_user" values="45, 15004, f45, init" />
    <row data-node="write_dataset.t_user" values="46, 16004, g46, init" />
    <row data-node="write_dataset.t_user" values="47, 17004, h47, init" />
    <row data-node="write_dataset.t_user" values="48, 18004, i48, init" />
    <row data-node="write_dataset.t_user" values="49, 19004, j49, init" />
    <row data-node="write_dataset.t_user" values="50, 10005, a50, init" />
    <row data-node="write_dataset.t_user" values="51, 11005, b51, init" />
    <row data-node="write_dataset.t_user" values="52, 12005, c52, init" />
    <row data-node="write_dataset.t_user" values="53, 13005, d53, init" />
    <row data-node="write_dataset.t_user" values="54, 14005, e54, init" />
    <row data-node="write_dataset.t_user" values="55, 15005, f55, init" />
    <row data-node="write_dataset.t_user" values="56, 16005, g56, init" />
    <row data-node="write_dataset.t_user" values="57, 17005, h57, init" />
    <row data-node="write_dataset.t_user" values="58, 18005, i58, init" />
    <row data-node="write_dataset.t_user" values="59, 19005, j59, init" />
    <row data-node="write_dataset.t_user" values="60, 10006, a60, init" />
    <row data-node="write_dataset.t_user" values="61, 11006, b61, init" />
    <row data-node="write_dataset.t_user" values="62, 12006, c62, init" />
    <row data-node="write_dataset.t_user" values="63, 13006, d63, init" />
    <row data-node="write_dataset.t_user" values="64, 14006, e64, init" />
    <row data-node="write_dataset.t_user" values="65, 15006, f65, init" />
    <row data-node="write_dataset.t_user" values="66, 16006, g66, init" />
    <row data-node="write_dataset.t_user" values="67, 17006, h67, init" />
    <row data-node="write_dataset.t_user" values="68, 18006, i68, init" />
    <row data-node="write_dataset.t_user" values="69, 19006, j69, init" />
    <row data-node="write_dataset.t_user" values="70, 10007, a70, init" />
    <row data-node="write_dataset.t_user" values="71, 11007, b71, init" />
    <row data-node="write_dataset.t_user" values="72, 12007, c72, init" />
    <row data-node="write_dataset.t_user" values="73, 13007, d73, init" />
    <row data-node="write_dataset.t_user" values="74, 14007, e74, init" />
    <row data-node="write_dataset.t_user" values="75, 15007, f75, init" />
    <row data-node="write_dataset.t_user" values="76, 16007, g76, init" />
    <row data-node="write_dataset.t_user" values="77, 17007, h77, init" />
    <row data-node="write_dataset.t_user" values="78, 18007, i78, init" />
    <row data-node="write_dataset.t_user" values="79, 19007, j79, init" />
    <row data-node="write_dataset.t_user" values="80, 10008, a80, init" />
    <row data-node="write_dataset.t_user" values="81, 11008, b81, init" />
    <row data-node="write_dataset.t_user" values="82, 12008, c82, init" />
    <row data-node="write_dataset.t_user" values="83, 13008, d83, init" />
    <row data-node="write_dataset.t_user" values="84, 14008, e84, init" />
    <row data-node="write_dataset.t_user" values="85, 15008, f85, init" />
    <row data-node="write_dataset.t_user" values="86, 16008, g86, init" />
    <row data-node="write_dataset.t_user" values="87, 17008, h87, init" />
    <row data-node="write_dataset.t_user" values="88, 18008, i88, init" />
    <row data-node="write_dataset.t_user" values="89, 19008, j89, init" />
    <row data-node="write_dataset.t_user" values="90, 10009, a90, init" />
    <row data-node="write_dataset.t_user" values="91, 11009, b91, init" />
    <row data-node="write_dataset.t_user" values="92, 12009, c92, init" />
    <row data-node="write_dataset.t_user" values="93, 13009, d93, init" />
    <row data-node="write_dataset.t_user" values="94, 14009, e94, init" />
    <row data-node="write_dataset.t_user" values="95, 15009, f95, init" />
    <row data-node="write_dataset.t_user" values="96, 16009, g96, init" />
    <row data-node="write_dataset.t_user" values="97, 17009, h97, init" />
    <row data-node="write_dataset.t_user" values="98, 18009, i98, init" />
    <row data-node="write_dataset.t_user" values="99, 19009, j99, init" />
    <row data-node="write_dataset.t_merchant" values="1, 86, tencent, 86000001, 86100000001, 2017-08-08" />
    <row data-node="write_dataset.t_merchant" values="2, 86, haier, 86000002, 86100000002, 2017-08-08" />
    <row data-node="write_dataset.t_merchant" values="3, 86, huawei, 86000003, 86100000003, 2017-08-08" />
    <row data-node="write_dataset.t_merchant" values="4, 86, alibaba, 86000004, 86100000004, 2017-08-08" />
    <row data-node="write_dataset.t_merchant" values="5, 86, lenovo, 86000005, 86100000005, 2017-08-08" />
    <row data-node="write_dataset.t_merchant" values="6, 86, moutai, 86000006, 86100000006, 2017-08-08" />
    <row data-node="write_dataset.t_merchant" values="7, 86, baidu, 86000007, 86100000007, 2017-08-08" />
    <row data-node="write_dataset.t_merchant" values="8, 86, xiaomi, 86000008, 86100000008, 2017-08-08" />
    <row data-node="write_dataset.t_merchant" values="9, 86, vivo, 86000009, 86100000009, 2017-08-08" />
    <row data-node="write_dataset.t_merchant" values="10, 86, oppo, 86000010, 86100000010, 2017-08-08" />
    <row data-node="write_dataset.t_merchant" values="11, 1, google, 01000011, 01100000011, 2017-08-08" />
    <row data-node="write_dataset.t_merchant" values="12, 1, walmart, 01000012, 01100000012, 2017-08-08" />
    <row data-node="write_dataset.t_merchant" values="13, 1, amazon, 01000013, 01100000013, 2017-08-08" />
    <row data-node="write_dataset.t_merchant" values="14, 1, apple, 01000014, 01100000014, 2017-08-08" />
    <row data-node="write_dataset.t_merchant" values="15, 1, microsoft, 01000015, 01100000015, 2017-08-08" />
    <row data-node="write_dataset.t_merchant" values="16, 1, dell, 01000016, 01100000016, 2017-08-08" />
    <row data-node="write_dataset.t_merchant" values="17, 1, johnson, 01000017, 01100000017, 2017-08-08" />
    <row data-node="write_dataset.t_merchant" values="18, 1, intel, 01000018, 01100000018, 2017-08-08" />
    <row data-node="write_dataset.t_merchant" values="19, 1, hp, 01000019, 01100000019, 2017-08-08" />
    <row data-node="write_dataset.t_merchant" values="20, 1, tesla, 01000020, 01100000020, 2017-08-08" />
    <row data-node="read_dataset.t_user" values="0, 10000, a00, init_read" />
    <row data-node="read_dataset.t_user" values="1, 11000, b01, init_read" />
    <row data-node="read_dataset.t_user" values="2, 12000, c02, init_read" />
    <row data-node="read_dataset.t_user" values="3, 13000, d03, init_read" />
    <row data-node="read_dataset.t_user" values="4, 14000, e04, init_read" />
    <row data-node="read_dataset.t_user" values="5, 15000, f05, init_read" />
    <row data-node="read_dataset.t_user" values="6, 16000, g06, init_read" />
    <row data-node="read_dataset.t_user" values="7, 17000, h07, init_read" />
    <row data-node="read_dataset.t_user" values="8, 18000, i08, init_read" />
    <row data-node="read_dataset.t_user" values="9, 19000, j09, init_read" />
    <row data-node="read_dataset.t_user" values="10, 10001, a10, init_read" />
    <row data-node="read_dataset.t_user" values="11, 11001, b11, init_read" />
    <row data-node="read_dataset.t_user" values="12, 12001, c12, init_read" />
    <row data-node="read_dataset.t_user" values="13, 13001, d13, init_read" />
    <row data-node="read_dataset.t_user" values="14, 14001, e14, init_read" />
    <row data-node="read_dataset.t_user" values="15, 15001, f15, init_read" />
    <row data-node="read_dataset.t_user" values="16, 16001, g16, init_read" />
    <row data-node="read_dataset.t_user" values="17, 17001, h17, init_read" />
    <row data-node="read_dataset.t_user" values="18, 18001, i18, init_read" />
    <row data-node="read_dataset.t_user" values="19, 19001, j19, init_read" />
    <row data-node="read_dataset.t_user" values="20, 10002, a20, init_read" />
    <row data-node="read_dataset.t_user" values="21, 11002, b21, init_read" />
    <row data-node="read_dataset.t_user" values="22, 12002, c22, init_read" />
    <row data-node="read_dataset.t_user" values="23, 13002, d23, init_read" />
    <row data-node="read_dataset.t_user" values="24, 14002, e23, init_read" />
    <row data-node="read_dataset.t_user" values="25, 15002, f24, init_read" />
    <row data-node="read_dataset.t_user" values="26, 16002, g26, init_read" />
    <row data-node="read_dataset.t_user" values="27, 17002, h27, init_read" />
    <row data-node="read_dataset.t_user" values="28, 18002, i28, init_read" />
    <row data-node="read_dataset.t_user" values="29, 19002, j29, init_read" />
    <row data-node="read_dataset.t_user" values="30, 10003, a30, init_read" />
    <row data-node="read_dataset.t_user" values="31, 11003, b31, init_read" />
    <row data-node="read_dataset.t_user" values="32, 12003, c32, init_read" />
    <row data-node="read_dataset.t_user" values="33, 13003, d33, init_read" />
    <row data-node="read_dataset.t_user" values="34, 14003, e34, init_read" />
    <row data-node="read_dataset.t_user" values="35, 15003, f35, init_read" />
    <row data-node="read_dataset.t_user" values="36, 16003, g36, init_read" />
    <row data-node="read_dataset.t_user" values="37, 17003, h37, init_read" />
    <row data-node="read_dataset.t_user" values="38, 18003, i38, init_read" />
    <row data-node="read_dataset.t_user" values="39, 19003, j39, init_read" />
    <row data-node="read_dataset.t_user" values="40, 10004, a40, init_read" />
    <row data-node="read_dataset.t_user" values="41, 11004, b41, init_read" />
    <row data-node="read_dataset.t_user" values="42, 12004, c42, init_read" />
    <row data-node="read_dataset.t_user" values="43, 13004, d43, init_read" />
    <row data-node="read_dataset.t_user" values="44, 14004, e44, init_read" />
    <row data-node="read_dataset.t_user" values="45, 15004, f45, init_read" />
    <row data-node="read_dataset.t_user" values="46, 16004, g46, init_read" />
    <row data-node="read_dataset.t_user" values="47, 17004, h47, init_read" />
    <row data-node="read_dataset.t_user" values="48, 18004, i48, init_read" />
    <row data-node="read_dataset.t_user" values="49, 19004, j49, init_read" />
    <row data-node="read_dataset.t_user" values="50, 10005, a50, init_read" />
    <row data-node="read_dataset.t_user" values="51, 11005, b51, init_read" />
    <row data-node="read_dataset.t_user" values="52, 12005, c52, init_read" />
    <row data-node="read_dataset.t_user" values="53, 13005, d53, init_read" />
    <row data-node="read_dataset.t_user" values="54, 14005, e54, init_read" />
    <row data-node="read_dataset.t_user" values="55, 15005, f55, init_read" />
    <row data-node="read_dataset.t_user" values="56, 16005, g56, init_read" />
    <row data-node="read_dataset.t_user" values="57, 17005, h57, init_read" />
    <row data-node="read_dataset.t_user" values="58, 18005, i58, init_read" />
    <row data-node="read_dataset.t_user" values="59, 19005, j59, init_read" />
    <row data-node="read_dataset.t_user" values="60, 10006, a60, init_read" />
    <row data-node="read_dataset.t_user" values="61, 11006, b61, init_read" />
    <row data-node="read_dataset.t_user" values="62, 12006, c62, init_read" />
    <row data-node="read_dataset.t_user" values="63, 13006, d63, init_read" />
    <row data-node="read_dataset.t_user" values="64, 14006, e64, init_read" />
    <row data-node="read_dataset.t_user" values="65, 15006, f65, init_read" />
    <row data-node="read_dataset.t_user" values="66, 16006, g66, init_read" />
    <row data-node="read_dataset.t_user" values="67, 17006, h67, init_read" />
    <row data-node="read_dataset.t_user" values="68, 18006, i68, init_read" />
    <row data-node="read_dataset.t_user" values="69, 19006, j69, init_read" />
    <row data-node="read_dataset.t_user" values="70, 10007, a70, init_read" />
    <row data-node="read_dataset.t_user" values="71, 11007, b71, init_read" />
    <row data-node="read_dataset.t_user" values="72, 12007, c72, init_read" />
    <row data-node="read_dataset.t_user" values="73, 13007, d73, init_read" />
    <row data-node="read_dataset.t_user" values="74, 14007, e74, init_read" />
    <row data-node="read_dataset.t_user" values="75, 15007, f75, init_read" />
    <row data-node="read_dataset.t_user" values="76, 16007, g76, init_read" />
    <row data-node="read_dataset.t_user" values="77, 17007, h77, init_read" />
    <row data-node="read_dataset.t_user" values="78, 18007, i78, init_read" />
    <row data-node="read_dataset.t_user" values="79, 19007, j79, init_read" />
    <row data-node="read_dataset.t_user" values="80, 10008, a80, init_read" />
    <row data-node="read_dataset.t_user" values="81, 11008, b81, init_read" />
    <row data-node="read_dataset.t_user" values="82, 12008, c82, init_read" />
    <row data-node="read_dataset.t_user" values="83, 13008, d83, init_read" />
    <row data-node="read_dataset.t_user" values="84, 14008, e84, init_read" />
    <row data-node="read_dataset.t_user" values="85, 15008, f85, init_read" />
    <row data-node="read_dataset.t_user" values="86, 16008, g86, init_read" />
    <row data-node="read_dataset.t_user" values="87, 17008, h87, init_read" />
    <row data-node="read_dataset.t_user" values="88, 18008, i88, init_read" />
    <row data-node="read_dataset.t_user" values="89, 19008, j89, init_read" />
    <row data-node="read_dataset.t_user" values="90, 10009, a90, init_read" />
    <row data-node="read_dataset.t_user" values="91, 11009, b91, init_read" />
    <row data-node="read_dataset.t_user" values="92, 12009, c92, init_read" />
    <row data-node="read_dataset.t_user" values="93, 13009, d93, init_read" />
    <row data-node="read_dataset.t_user" values="94, 14009, e94, init_read" />
    <row data-node="read_dataset.t_user" values="95, 15009, f95, init_read" />
    <row data-node="read_dataset.t_user" values="96, 16009, g96, init_read" />
    <row data-node="read_dataset.t_user" values="97, 17009, h97, init_read" />
    <row data-node="read_dataset.t_user" values="98, 18009, i98, init_read" />
    <row data-node="read_dataset.t_user" values="99, 19009, j99, init_read" />
    <row data-node="read_dataset.t_merchant" values="1, 86, tencent, 86000001, 86100000001, 2017-08-08" />
    <row data-node="read_dataset.t_merchant" values="2, 86, haier, 86000002, 86100000002, 2017-08-08" />
    <row data-node="read_dataset.t_merchant" values="3, 86, huawei, 86000003, 86100000003, 2017-08-08" />
    <row data-node="read_dataset.t_merchant" values="4, 86, alibaba, 86000004, 86100000004, 2017-08-08" />
    <row data-node="read_dataset.t_merchant" values="5, 86, lenovo, 86000005, 86100000005, 2017-08-08" />
    <row data-node="read_dataset.t_merchant" values="6, 86, moutai, 86000006, 86100000006, 2017-08-08" />
    <row data-node="read_dataset.t_merchant" values="7, 86, baidu, 86000007, 86100000007, 2017-08-08" />
    <row data-node="read_dataset.t_merchant" values="8, 86, xiaomi, 86000008, 86100000008, 2017-08-08" />
    <row data-node="read_dataset.t_merchant" values="9, 86, vivo, 86000009, 86100000009, 2017-08-08" />
    <row data-node="read_dataset.t_merchant" values="10, 86, oppo, 86000010, 86100000010, 2017-08-08" />
    <row data-node="read_dataset.t_merchant" values="11, 1, google, 01000011, 01100000011, 2017-08-08" />
    <row data-node="read_dataset.t_merchant" values="12, 1, walmart, 01000012, 01100000012, 2017-08-08" />
    <row data-node="read_dataset.t_merchant" values="13, 1, amazon, 01000013, 01100000013, 2017-08-08" />
    <row data-node="read_dataset.t_merchant" values="14, 1, apple, 01000014, 01100000014, 2017-08-08" />
    <row data-node="read_dataset.t_merchant" values="15, 1, microsoft, 01000015, 01100000015, 2017-08-08" />
    <row data-node="read_dataset.t_merchant" values="16, 1, dell, 01000016, 01100000016, 2017-08-08" />
    <row data-node="read_dataset.t_merchant" values="17, 1, johnson, 01000017, 01100000017, 2017-08-08" />
    <row data-node="read_dataset.t_merchant" values="18, 1, intel, 01000018, 01100000018, 2017-08-08" />
    <row data-node="read_dataset.t_merchant" values="19, 1, hp, 01000019, 01100000019, 2017-08-08" />
    <row data-node="read_dataset.t_merchant" values="20, 1, tesla, 01000020, 01100000020, 2017-08-08" />
</dataset>
