<!--
  ~ Licensed to the Apache Software Foundation (ASF) under one or more
  ~ contributor license agreements.  See the NOTICE file distributed with
  ~ this work for additional information regarding copyright ownership.
  ~ The ASF licenses this file to You under the Apache License, Version 2.0
  ~ (the "License"); you may not use this file except in compliance with
  ~ the License.  You may obtain a copy of the License at
  ~
  ~     http://www.apache.org/licenses/LICENSE-2.0
  ~
  ~ Unless required by applicable law or agreed to in writing, software
  ~ distributed under the License is distributed on an "AS IS" BASIS,
  ~ WITHOUT WARRANTIES OR CONDITIONS OF ANY KIND, either express or implied.
  ~ See the License for the specific language governing permissions and
  ~ limitations under the License.
  -->

<dataset>
    <metadata data-nodes="expected_dataset.t_user">
        <column name="user_id" type="numeric" />
        <column name="address_id" type="numeric" />
        <column name="pwd" type="varchar" />
        <column name="status" type="varchar" />
    </metadata>
    <metadata data-nodes="expected_dataset.t_user_item">
        <column name="item_id" type="numeric" />
        <column name="user_id" type="numeric" />
        <column name="status" type="varchar" />
        <column name="creation_date" type="datetime" />
    </metadata>
    <metadata data-nodes="expected_dataset.t_single_table">
        <column name="single_id" type="numeric" />
        <column name="id" type="numeric" />
        <column name="status" type="varchar" />
    </metadata>
    <row data-node="expected_dataset.t_single_table" values="1, 10, init" />
    <row data-node="expected_dataset.t_single_table" values="2, 11, init" />
    <row data-node="expected_dataset.t_single_table" values="3, 12, init" />
    <row data-node="expected_dataset.t_single_table" values="4, 13, init" />
    <row data-node="expected_dataset.t_user" values="10, 10000, a10, init" />
    <row data-node="expected_dataset.t_user" values="11, 11000, b11, init" />
    <row data-node="expected_dataset.t_user" values="12, 12000, c12, init" />
    <row data-node="expected_dataset.t_user" values="13, 13000, d13, init" />
    <row data-node="expected_dataset.t_user_item" values="100000, 10, init, 2017-08-08" />
    <row data-node="expected_dataset.t_user_item" values="110000, 11, init, 2017-08-08" />
    <row data-node="expected_dataset.t_user_item" values="120000, 12, init, 2017-08-08" />
    <row data-node="expected_dataset.t_user_item" values="130000, 13, init, 2017-08-08" />
    <row data-node="expected_dataset.t_user_item" values="140000, 14, init, 2017-08-08" />
    <row data-node="expected_dataset.t_user_item" values="150000, 15, init, 2017-08-08" />
    <row data-node="expected_dataset.t_user_item" values="160000, 16, init, 2017-08-08" />
    <row data-node="expected_dataset.t_user_item" values="170000, 17, init, 2017-08-08" />
    <row data-node="expected_dataset.t_user_item" values="180000, 18, init, 2017-08-08" />
    <row data-node="expected_dataset.t_user_item" values="190000, 19, init, 2017-08-08" />
    <row data-node="expected_dataset.t_user_item" values="200000, 20, init, 2017-08-08" />
    <row data-node="expected_dataset.t_user_item" values="210000, 21, init, 2017-08-08" />
    <row data-node="expected_dataset.t_user_item" values="220000, 22, init, 2017-08-08" />
    <row data-node="expected_dataset.t_user_item" values="230000, 23, init, 2017-08-08" />
    <row data-node="expected_dataset.t_user_item" values="240000, 24, init, 2017-08-08" />
    <row data-node="expected_dataset.t_user_item" values="250000, 25, init, 2017-08-08" />
    <row data-node="expected_dataset.t_user_item" values="260000, 26, init, 2017-08-08" />
    <row data-node="expected_dataset.t_user_item" values="270000, 27, init, 2017-08-08" />
    <row data-node="expected_dataset.t_user_item" values="280000, 28, init, 2017-08-08" />
    <row data-node="expected_dataset.t_user_item" values="290000, 29, init, 2017-08-08" />
</dataset>
